
> e3dady.ccen@0.1.0 build
> next build

▲ Next.js 16.3.4 (Turbopack)
- Environments: .env.local
✓ Running next.config.ts took 18.8s

  Creating an optimized production build ...
✓ Compiled successfully in 46s
  Running TypeScript ...
  Finished TypeScript in 11.4s ...
  Collecting page data using 3 workers ...
  Generating static pages using 3 workers (0/26) ...
  Generating static pages using 3 workers (6/26) 
  Generating static pages using 3 workers (12/26) 
  Generating static pages using 3 workers (19/26) 
✓ Generating static pages using 3 workers (26/26) in 4.6s
  Finalizing page optimization ...

Route (app)
┌ ○ /
├ ○ /_not-found
├ ƒ /[locale]
├ ƒ /[locale]/bible
├ ƒ /[locale]/bible/resources
├ ƒ /[locale]/bible/studies
├ ƒ /[locale]/bible/verse
├ ƒ /[locale]/events
├ ƒ /[locale]/games
├ ƒ /[locale]/more
├ ƒ /[locale]/more/about
├ ƒ /[locale]/more/contact
├ ƒ /[locale]/more/gallery
├ ƒ /[locale]/more/prayer-wall
├ ƒ /[locale]/more/servants
├ ○ /admin
├ ƒ /api/admin/auth
├ ƒ /api/admin/delete
├ ƒ /api/admin/events
├ ƒ /api/admin/folder
├ ƒ /api/admin/invitations
├ ƒ /api/admin/notifications
├ ƒ /api/admin/notifications/[id]
├ ƒ /api/admin/notify
├ ƒ /api/admin/notify-image
├ ƒ /api/admin/notify-status
├ ƒ /api/admin/prayer
├ ƒ /api/admin/upload
├ ƒ /api/admin/verse
├ ƒ /api/cron/meeting-reminder
├ ƒ /api/cron/verse-notification
├ ƒ /api/events
├ ƒ /api/gallery
├ ƒ /api/invitations
├ ƒ /api/prayer
├ ƒ /api/prayer/pray
├ ƒ /api/test-notification
├ ƒ /api/verse
└ ○ /manifest.webmanifest


ƒ Proxy (Middleware)

○  (Static)   prerendered as static content
ƒ  (Dynamic)  server-rendered on demand

