
> thanwy.ccen@0.1.0 build
> next build

▲ Next.js 16.3.4 (Turbopack)
- Environments: .env
✓ Running next.config.ts took 1361ms

  Creating an optimized production build ...
✓ Compiled successfully in 1891ms
  Running TypeScript ...
  Finished TypeScript in 2.7s ...
  Collecting page data using 3 workers ...
  Generating static pages using 3 workers (0/28) ...
  Generating static pages using 3 workers (7/28) 
  Generating static pages using 3 workers (14/28) 
  Generating static pages using 3 workers (21/28) 
✓ Generating static pages using 3 workers (28/28) in 282ms
  Finalizing page optimization ...

Route (app)
┌ ○ /
├ ○ /_not-found
├ ƒ /[locale]
├ ƒ /[locale]/bible
├ ƒ /[locale]/bible/resources
├ ƒ /[locale]/bible/studies
├ ƒ /[locale]/bible/verse
├ ƒ /[locale]/events
├ ƒ /[locale]/games
├ ƒ /[locale]/more
├ ƒ /[locale]/more/about
├ ƒ /[locale]/more/contact
├ ƒ /[locale]/more/gallery
├ ƒ /[locale]/more/prayer-wall
├ ƒ /[locale]/more/servants
├ ○ /admin
├ ƒ /api/admin/auth
├ ƒ /api/admin/delete
├ ƒ /api/admin/events
├ ƒ /api/admin/folder
├ ƒ /api/admin/invitations
├ ƒ /api/admin/notifications
├ ƒ /api/admin/notifications/[id]
├ ƒ /api/admin/notify
├ ƒ /api/admin/notify-image
├ ƒ /api/admin/notify-status
├ ƒ /api/admin/prayer
├ ƒ /api/admin/upload
├ ƒ /api/admin/verse
├ ƒ /api/cron/meeting-reminder
├ ƒ /api/cron/verse-notification
├ ƒ /api/events
├ ƒ /api/gallery
├ ƒ /api/invitations
├ ƒ /api/prayer
├ ƒ /api/prayer/pray
├ ƒ /api/test-notification
├ ƒ /api/verse
├ ○ /manifest.webmanifest
├ ○ /robots.txt
└ ○ /sitemap.xml


ƒ Proxy (Middleware)

○  (Static)   prerendered as static content
ƒ  (Dynamic)  server-rendered on demand

